{
  "foo.bar.baz": "Hello World!",
  "foo.bar.biff": "Hello Nurse!"
}